\BOOKMARK [1][-]{section.1}{\376\377\000I\000n\000t\000r\000o\000d\000u\000c\000t\000i\000o\000n}{}% 1
\BOOKMARK [2][-]{subsection.1.1}{\376\377\000P\000r\000o\000b\000l\000e\000m\000\040\000a\000n\000d\000\040\000m\000o\000t\000i\000v\000a\000t\000i\000o\000n}{section.1}% 2
\BOOKMARK [2][-]{subsection.1.2}{\376\377\000R\000e\000s\000e\000a\000r\000c\000h\000\040\000q\000u\000e\000s\000t\000i\000o\000n\000s}{section.1}% 3
\BOOKMARK [1][-]{section.2}{\376\377\000R\000e\000l\000a\000t\000e\000d\000\040\000W\000o\000r\000k}{}% 4
\BOOKMARK [2][-]{subsection.2.1}{\376\377\000x\000G\000\040\000m\000o\000d\000e\000l\000i\000n\000g}{section.2}% 5
\BOOKMARK [2][-]{subsection.2.2}{\376\377\000G\000r\000a\000p\000h\000\040\000n\000e\000u\000r\000a\000l\000\040\000n\000e\000t\000w\000o\000r\000k\000s\000\040\000f\000o\000r\000\040\000s\000o\000c\000c\000e\000r}{section.2}% 6
\BOOKMARK [2][-]{subsection.2.3}{\376\377\000P\000l\000a\000y\000e\000r\000\040\000r\000o\000l\000e\000\040\000a\000n\000d\000\040\000a\000r\000c\000h\000e\000t\000y\000p\000e\000\040\000c\000l\000u\000s\000t\000e\000r\000i\000n\000g}{section.2}% 7
\BOOKMARK [1][-]{section.3}{\376\377\000M\000e\000t\000h\000o\000d\000s}{}% 8
\BOOKMARK [2][-]{subsection.3.1}{\376\377\000P\000r\000o\000b\000l\000e\000m\000\040\000d\000e\000f\000i\000n\000i\000t\000i\000o\000n}{section.3}% 9
\BOOKMARK [2][-]{subsection.3.2}{\376\377\000D\000a\000t\000a}{section.3}% 10
\BOOKMARK [2][-]{subsection.3.3}{\376\377\000P\000l\000a\000y\000e\000r\000\040\000a\000r\000c\000h\000e\000t\000y\000p\000e\000s}{section.3}% 11
\BOOKMARK [3][-]{subsubsection.3.3.1}{\376\377\000P\000o\000s\000i\000t\000i\000o\000n\000\040\000g\000r\000o\000u\000p\000s}{subsection.3.3}% 12
\BOOKMARK [3][-]{subsubsection.3.3.2}{\376\377\000I\000n\000t\000r\000a\000-\000e\000v\000e\000n\000t\000\040\000c\000l\000u\000s\000t\000e\000r\000i\000n\000g}{subsection.3.3}% 13
\BOOKMARK [3][-]{subsubsection.3.3.3}{\376\377\000P\000l\000a\000y\000e\000r\000-\000s\000e\000a\000s\000o\000n\000\040\000a\000g\000g\000r\000e\000g\000a\000t\000i\000o\000n}{subsection.3.3}% 14
\BOOKMARK [3][-]{subsubsection.3.3.4}{\376\377\000A\000r\000c\000h\000e\000t\000y\000p\000e\000\040\000c\000l\000u\000s\000t\000e\000r\000i\000n\000g}{subsection.3.3}% 15
\BOOKMARK [2][-]{subsection.3.4}{\376\377\000D\000a\000t\000a\000s\000e\000t\000\040\000c\000o\000n\000s\000t\000r\000u\000c\000t\000i\000o\000n}{section.3}% 16
\BOOKMARK [2][-]{subsection.3.5}{\376\377\000M\000o\000d\000e\000l\000s}{section.3}% 17
\BOOKMARK [3][-]{subsubsection.3.5.1}{\376\377\000T\000a\000b\000u\000l\000a\000r\000\040\000X\000G\000B\000o\000o\000s\000t\000\040\000b\000a\000s\000e\000l\000i\000n\000e}{subsection.3.5}% 18
\BOOKMARK [3][-]{subsubsection.3.5.2}{\376\377\000G\000r\000a\000p\000h\000\040\000n\000e\000u\000r\000a\000l\000\040\000n\000e\000t\000w\000o\000r\000k}{subsection.3.5}% 19
\BOOKMARK [3][-]{subsubsection.3.5.3}{\376\377\000M\000o\000d\000e\000l\000\040\000v\000a\000r\000i\000a\000n\000t\000s}{subsection.3.5}% 20
\BOOKMARK [1][-]{section.4}{\376\377\000R\000e\000s\000u\000l\000t\000s}{}% 21
\BOOKMARK [2][-]{subsection.4.1}{\376\377\000M\000o\000d\000e\000l\000\040\000p\000e\000r\000f\000o\000r\000m\000a\000n\000c\000e}{section.4}% 22
\BOOKMARK [2][-]{subsection.4.2}{\376\377\000L\000i\000m\000i\000t\000a\000t\000i\000o\000n\000s}{section.4}% 23
\BOOKMARK [2][-]{subsection.4.3}{\376\377\000F\000u\000t\000u\000r\000e\000\040\000w\000o\000r\000k}{section.4}% 24
\BOOKMARK [1][-]{section.5}{\376\377\000C\000o\000n\000c\000l\000u\000s\000i\000o\000n}{}% 25
\BOOKMARK [1][-]{appendix.A}{\376\377\000I\000n\000t\000r\000a\000-\000e\000v\000e\000n\000t\000\040\000s\000u\000b\000-\000c\000l\000u\000s\000t\000e\000r\000s\000,\000\040\000a\000l\000l\000\040\000p\000o\000s\000i\000t\000i\000o\000n\000\040\000g\000r\000o\000u\000p\000s}{}% 26
\BOOKMARK [1][-]{appendix.B}{\376\377\000W\000i\000t\000h\000i\000n\000-\000e\000v\000e\000n\000t\000\040\000s\000u\000b\000-\000c\000l\000u\000s\000t\000e\000r\000\040\000m\000i\000x\000\040\000p\000e\000r\000\040\000a\000r\000c\000h\000e\000t\000y\000p\000e\000,\000\040\000a\000l\000l\000\040\000g\000r\000o\000u\000p\000s}{}% 27
