train rows: 59,096  |  test rows: 14,538
training kind=archetype mode=single -> writing to artifacts\gnn_archetype_single/
epoch   1 | train MSE 1.00030 | val MSE 0.94895 | MAE 0.5585 | r +0.153 | sign 0.572 | grad 0.372 | 62.2s  *
epoch   2 | train MSE 0.99412 | val MSE 0.94163 | MAE 0.5604 | r +0.176 | sign 0.584 | grad 0.356 | 62.7s  *
epoch   3 | train MSE 0.99095 | val MSE 0.94677 | MAE 0.5701 | r +0.174 | sign 0.583 | grad 0.365 | 61.5s
epoch   4 | train MSE 0.98816 | val MSE 0.94245 | MAE 0.5576 | r +0.173 | sign 0.582 | grad 0.389 | 60.8s
epoch   5 | train MSE 0.98507 | val MSE 0.94739 | MAE 0.5599 | r +0.158 | sign 0.573 | grad 0.408 | 59.9s
epoch   6 | train MSE 0.98127 | val MSE 0.94389 | MAE 0.5649 | r +0.174 | sign 0.584 | grad 0.439 | 59.9s
epoch   7 | train MSE 0.97707 | val MSE 0.94607 | MAE 0.5649 | r +0.167 | sign 0.583 | grad 0.470 | 60.3s
epoch   8 | train MSE 0.97320 | val MSE 0.94866 | MAE 0.5744 | r +0.172 | sign 0.577 | grad 0.516 | 60.2s
epoch   9 | train MSE 0.96854 | val MSE 0.95525 | MAE 0.5738 | r +0.154 | sign 0.580 | grad 0.573 | 60.1s
epoch  10 | train MSE 0.96488 | val MSE 0.95048 | MAE 0.5646 | r +0.153 | sign 0.578 | grad 0.630 | 60.0s
epoch  11 | train MSE 0.95820 | val MSE 0.96944 | MAE 0.5872 | r +0.139 | sign 0.561 | grad 0.694 | 60.7s
epoch  12 | train MSE 0.95305 | val MSE 0.96231 | MAE 0.5755 | r +0.134 | sign 0.565 | grad 0.782 | 59.8s
epoch  13 | train MSE 0.94664 | val MSE 0.95836 | MAE 0.5789 | r +0.154 | sign 0.570 | grad 0.888 | 61.5s
epoch  14 | train MSE 0.94067 | val MSE 0.95985 | MAE 0.5796 | r +0.150 | sign 0.560 | grad 0.941 | 61.7s
epoch  15 | train MSE 0.93368 | val MSE 0.96560 | MAE 0.5847 | r +0.146 | sign 0.578 | grad 1.044 | 63.1s
epoch  16 | train MSE 0.92860 | val MSE 0.96748 | MAE 0.5854 | r +0.138 | sign 0.560 | grad 1.115 | 62.1s
epoch  17 | train MSE 0.92021 | val MSE 0.97686 | MAE 0.5927 | r +0.134 | sign 0.556 | grad 1.238 | 61.3s
epoch  18 | train MSE 0.91385 | val MSE 0.97304 | MAE 0.5923 | r +0.142 | sign 0.564 | grad 1.414 | 61.5s
epoch  19 | train MSE 0.90861 | val MSE 0.97979 | MAE 0.5970 | r +0.141 | sign 0.558 | grad 1.449 | 60.4s
epoch  20 | train MSE 0.89433 | val MSE 0.97927 | MAE 0.5918 | r +0.129 | sign 0.562 | grad 1.494 | 60.1s
epoch  21 | train MSE 0.88462 | val MSE 0.96869 | MAE 0.5826 | r +0.132 | sign 0.564 | grad 1.657 | 61.8s
epoch  22 | train MSE 0.87726 | val MSE 0.98175 | MAE 0.5932 | r +0.125 | sign 0.557 | grad 1.679 | 59.8s
epoch  23 | train MSE 0.86969 | val MSE 1.11532 | MAE 0.6535 | r +0.115 | sign 0.569 | grad 1.837 | 60.7s
epoch  24 | train MSE 0.86363 | val MSE 0.98186 | MAE 0.5886 | r +0.113 | sign 0.546 | grad 2.050 | 59.7s
epoch  25 | train MSE 0.86163 | val MSE 1.10677 | MAE 0.6421 | r +0.094 | sign 0.554 | grad 1.969 | 59.5s
epoch  26 | train MSE 0.85133 | val MSE 0.98399 | MAE 0.5911 | r +0.120 | sign 0.560 | grad 1.991 | 61.6s
epoch  27 | train MSE 0.87846 | val MSE 0.99393 | MAE 0.5995 | r +0.116 | sign 0.555 | grad 2.235 | 65.2s
epoch  28 | train MSE 0.84380 | val MSE 1.00938 | MAE 0.6051 | r +0.108 | sign 0.559 | grad 2.192 | 64.5s
epoch  29 | train MSE 0.81550 | val MSE 0.99182 | MAE 0.5917 | r +0.100 | sign 0.559 | grad 2.000 | 110.2s
epoch  30 | train MSE 0.83988 | val MSE 0.98590 | MAE 0.5918 | r +0.113 | sign 0.562 | grad 2.225 | 131.7s
done. best val MSE 0.94163 at epoch 2
checkpoint -> artifacts\gnn_archetype_single\checkpoint.pt
log        -> artifacts\gnn_archetype_single\log.jsonl
val preds  -> artifacts\gnn_archetype_single\val_preds.parquet
