train rows: 59,096  |  test rows: 14,538
training kind=archetype mode=single use_coords=True -> writing to artifacts\gnn_archetype_single_coords/
epoch   1 | train MSE 1.00110 | val MSE 0.94758 | MAE 0.5557 | r +0.159 | sign 0.574 | grad 0.394 | 82.4s  *
epoch   2 | train MSE 0.99306 | val MSE 0.94270 | MAE 0.5645 | r +0.175 | sign 0.578 | grad 0.358 | 81.2s  *
epoch   3 | train MSE 0.98855 | val MSE 0.94724 | MAE 0.5700 | r +0.172 | sign 0.576 | grad 0.370 | 81.4s
epoch   4 | train MSE 0.98613 | val MSE 0.94210 | MAE 0.5591 | r +0.174 | sign 0.580 | grad 0.392 | 81.2s  *
epoch   5 | train MSE 0.98300 | val MSE 0.94369 | MAE 0.5603 | r +0.170 | sign 0.574 | grad 0.427 | 80.8s
epoch   6 | train MSE 0.97940 | val MSE 0.94496 | MAE 0.5571 | r +0.166 | sign 0.575 | grad 0.458 | 81.5s
epoch   7 | train MSE 0.97469 | val MSE 0.94979 | MAE 0.5681 | r +0.161 | sign 0.569 | grad 0.498 | 80.6s
epoch   8 | train MSE 0.97146 | val MSE 0.94742 | MAE 0.5685 | r +0.170 | sign 0.572 | grad 0.546 | 81.4s
epoch   9 | train MSE 0.96862 | val MSE 0.96227 | MAE 0.5819 | r +0.149 | sign 0.564 | grad 0.585 | 80.8s
epoch  10 | train MSE 0.96288 | val MSE 0.95584 | MAE 0.5776 | r +0.162 | sign 0.575 | grad 0.642 | 81.7s
epoch  11 | train MSE 0.95920 | val MSE 0.96106 | MAE 0.5801 | r +0.155 | sign 0.575 | grad 0.681 | 80.9s
epoch  12 | train MSE 0.95175 | val MSE 0.96215 | MAE 0.5781 | r +0.144 | sign 0.568 | grad 0.756 | 82.5s
epoch  13 | train MSE 0.94879 | val MSE 0.94786 | MAE 0.5676 | r +0.165 | sign 0.574 | grad 0.822 | 81.0s
epoch  14 | train MSE 0.94028 | val MSE 1.01044 | MAE 0.6163 | r +0.146 | sign 0.564 | grad 0.896 | 81.3s
epoch  15 | train MSE 0.93863 | val MSE 0.95536 | MAE 0.5738 | r +0.155 | sign 0.573 | grad 0.971 | 81.3s
epoch  16 | train MSE 0.92934 | val MSE 0.97212 | MAE 0.5798 | r +0.130 | sign 0.572 | grad 1.013 | 81.7s
epoch  17 | train MSE 0.93545 | val MSE 0.99627 | MAE 0.5930 | r +0.129 | sign 0.562 | grad 1.079 | 81.3s
epoch  18 | train MSE 0.92305 | val MSE 0.96371 | MAE 0.5808 | r +0.145 | sign 0.565 | grad 1.262 | 81.0s
epoch  19 | train MSE 0.89920 | val MSE 1.03202 | MAE 0.6118 | r +0.130 | sign 0.568 | grad 1.277 | 81.2s
epoch  20 | train MSE 0.90772 | val MSE 0.96841 | MAE 0.5818 | r +0.144 | sign 0.577 | grad 1.299 | 80.9s
epoch  21 | train MSE 0.90079 | val MSE 0.96094 | MAE 0.5789 | r +0.153 | sign 0.568 | grad 1.483 | 81.3s
epoch  22 | train MSE 0.92518 | val MSE 0.95873 | MAE 0.5750 | r +0.149 | sign 0.568 | grad 1.496 | 81.3s
epoch  23 | train MSE 0.92065 | val MSE 0.96597 | MAE 0.5797 | r +0.146 | sign 0.575 | grad 1.508 | 81.0s
epoch  24 | train MSE 0.91647 | val MSE 0.95778 | MAE 0.5735 | r +0.151 | sign 0.575 | grad 1.636 | 81.4s
epoch  25 | train MSE 0.91002 | val MSE 0.95780 | MAE 0.5741 | r +0.149 | sign 0.572 | grad 1.415 | 81.3s
epoch  26 | train MSE 0.90867 | val MSE 0.98452 | MAE 0.5923 | r +0.141 | sign 0.573 | grad 1.579 | 81.0s
epoch  27 | train MSE 0.88372 | val MSE 0.96042 | MAE 0.5692 | r +0.130 | sign 0.562 | grad 1.474 | 81.4s
epoch  28 | train MSE 0.87432 | val MSE 0.95235 | MAE 0.5704 | r +0.154 | sign 0.571 | grad 1.646 | 81.2s
epoch  29 | train MSE 0.92179 | val MSE 0.97608 | MAE 0.5851 | r +0.119 | sign 0.565 | grad 1.988 | 81.1s
epoch  30 | train MSE 0.89235 | val MSE 0.95389 | MAE 0.5723 | r +0.155 | sign 0.569 | grad 1.592 | 80.7s
done. best val MSE 0.94210 at epoch 4
checkpoint -> artifacts\gnn_archetype_single_coords\checkpoint.pt
log        -> artifacts\gnn_archetype_single_coords\log.jsonl
val preds  -> artifacts\gnn_archetype_single_coords\val_preds.parquet
