train rows: 59,096  |  test rows: 14,538
training kind=position mode=paired use_coords=True -> writing to artifacts\gnn_position_paired_coords/
epoch   1 | train MSE 1.02877 | val MSE 0.97015 | MAE 0.5515 | r +0.049 | sign 0.515 | grad 0.138 | 82.0s  *
epoch   2 | train MSE 1.02687 | val MSE 0.96938 | MAE 0.5557 | r +0.048 | sign 0.523 | grad 0.132 | 79.2s  *
epoch   3 | train MSE 1.02655 | val MSE 0.96970 | MAE 0.5548 | r +0.045 | sign 0.528 | grad 0.129 | 80.7s
epoch   4 | train MSE 1.02650 | val MSE 0.96911 | MAE 0.5545 | r +0.051 | sign 0.525 | grad 0.119 | 81.0s  *
epoch   5 | train MSE 1.02638 | val MSE 0.97003 | MAE 0.5518 | r +0.047 | sign 0.523 | grad 0.127 | 80.7s
epoch   6 | train MSE 1.02585 | val MSE 0.96987 | MAE 0.5540 | r +0.042 | sign 0.521 | grad 0.134 | 79.9s
epoch   7 | train MSE 1.02573 | val MSE 0.96937 | MAE 0.5544 | r +0.048 | sign 0.522 | grad 0.146 | 80.3s
epoch   8 | train MSE 1.02586 | val MSE 0.97031 | MAE 0.5559 | r +0.041 | sign 0.518 | grad 0.147 | 79.7s
epoch   9 | train MSE 1.02550 | val MSE 0.96868 | MAE 0.5531 | r +0.058 | sign 0.522 | grad 0.138 | 80.0s  *
epoch  10 | train MSE 1.02606 | val MSE 0.96953 | MAE 0.5533 | r +0.047 | sign 0.519 | grad 0.148 | 85.5s
epoch  11 | train MSE 1.02576 | val MSE 0.96967 | MAE 0.5559 | r +0.049 | sign 0.519 | grad 0.142 | 80.3s
epoch  12 | train MSE 1.02524 | val MSE 0.96944 | MAE 0.5552 | r +0.048 | sign 0.521 | grad 0.138 | 79.1s
epoch  13 | train MSE 1.02565 | val MSE 0.96884 | MAE 0.5554 | r +0.054 | sign 0.523 | grad 0.153 | 79.1s
epoch  14 | train MSE 1.02489 | val MSE 0.96804 | MAE 0.5532 | r +0.063 | sign 0.529 | grad 0.159 | 79.3s  *
epoch  15 | train MSE 1.02503 | val MSE 0.97078 | MAE 0.5544 | r +0.032 | sign 0.519 | grad 0.146 | 79.3s
epoch  16 | train MSE 1.02499 | val MSE 0.96995 | MAE 0.5557 | r +0.045 | sign 0.525 | grad 0.147 | 79.4s
epoch  17 | train MSE 1.02506 | val MSE 0.96828 | MAE 0.5537 | r +0.060 | sign 0.521 | grad 0.162 | 79.3s
epoch  18 | train MSE 1.02451 | val MSE 0.96988 | MAE 0.5567 | r +0.047 | sign 0.522 | grad 0.159 | 134.5s
epoch  19 | train MSE 1.02449 | val MSE 0.97068 | MAE 0.5570 | r +0.044 | sign 0.522 | grad 0.164 | 103.6s
epoch  20 | train MSE 1.02436 | val MSE 0.96994 | MAE 0.5571 | r +0.049 | sign 0.520 | grad 0.156 | 82.9s
epoch  21 | train MSE 1.02435 | val MSE 0.96884 | MAE 0.5537 | r +0.054 | sign 0.519 | grad 0.167 | 85.7s
epoch  22 | train MSE 1.02415 | val MSE 0.97000 | MAE 0.5561 | r +0.046 | sign 0.520 | grad 0.165 | 101.6s
epoch  23 | train MSE 1.02419 | val MSE 0.96942 | MAE 0.5581 | r +0.053 | sign 0.521 | grad 0.166 | 102.7s
epoch  24 | train MSE 1.02437 | val MSE 0.96879 | MAE 0.5543 | r +0.055 | sign 0.523 | grad 0.180 | 111.9s
epoch  25 | train MSE 1.02414 | val MSE 0.97027 | MAE 0.5554 | r +0.040 | sign 0.521 | grad 0.170 | 111.7s
epoch  26 | train MSE 1.02387 | val MSE 0.97031 | MAE 0.5575 | r +0.046 | sign 0.521 | grad 0.173 | 111.6s
epoch  27 | train MSE 1.02386 | val MSE 0.97000 | MAE 0.5586 | r +0.053 | sign 0.525 | grad 0.178 | 108.6s
epoch  28 | train MSE 1.02359 | val MSE 0.96912 | MAE 0.5539 | r +0.051 | sign 0.522 | grad 0.186 | 112.9s
epoch  29 | train MSE 1.02420 | val MSE 0.96970 | MAE 0.5579 | r +0.052 | sign 0.526 | grad 0.187 | 91.3s
epoch  30 | train MSE 1.02388 | val MSE 0.96999 | MAE 0.5561 | r +0.045 | sign 0.523 | grad 0.183 | 91.8s
done. best val MSE 0.96804 at epoch 14
checkpoint -> artifacts\gnn_position_paired_coords\checkpoint.pt
log        -> artifacts\gnn_position_paired_coords\log.jsonl
val preds  -> artifacts\gnn_position_paired_coords\val_preds.parquet
